####################           #########################
#..............wWWW#           #.......................#
#...............wWW#           #.......................#
#...............wWW#           #.......................#
#................wW#           #.......................#
#.................w#           #.......................#
#..................#############.......................#
#................../.........../.......................#
#..................#############.......................#
#..................#           #.......................#
#..................#           #.......................#
#..................#           #.......................#
#..................#           #.......................#
#..................#           #.......................#
#..........#########           ############/############
#..........#            ###########       #.#           
#.........##          ###.........###     #.#           
#........##        ####.............##    #.#           
#......##   ########.................######/############
#...####   ##..........................................#
#...#      #...........................................#
#..##     ##...........................................#
#..#     ##............................................#
#.##     #.............................................#
###     ##.............................................#
        #..............................................#
        #..............................................#
        #..............................................#
        ##.............................................#
         #.............................................#
         #.............................................#
         ##............................................#
          #............................................#
          ###..........................................#
            ############################################
===END OF MAP===
OOOOOOOOOOOOOOOOOOOO           IIIIIIIIIIIIIIIIIIIIIIIII
OOOOOOOOOOOOOOOOOOOO           IIIIIIIIIIIIIIIIIIIIIIIII 
OOOOOOOOOOOOOOOOOOOO           IIIIIIIIIIIIIIIIIIIIIIIII 
OOOOOOOOOOOOOOOOOOOO           IIIIIIIIIIIIIIIIIIIIIIIII 
OOOOOOOOOOOOOOOOOOOO           IIIIIIIIIIIIIIIIIIIIIIIII 
OOOOOOOOOOOOOOOOOOOO           IIIIIIIIIIIIIIIIIIIIIIIII 
OOOOOOOOOOOOOOOOOOOOIIIIIIIIIIIIIIIIIIIIIIIIIIIIIIIIIIII 
OOOOOOOOOOOOOOOOOOOOIIIIIIIIIIIIIIIIIIIIIIIIIIIIIIIIIIII 
OOOOOOOOOOOOOOOOOOOOIIIIIIIIIIIIIIIIIIIIIIIIIIIIIIIIIIII 
OOOOOOOOOOOOOOOOOOOO           IIIIIIIIIIIIIIIIIIIIIIIII 
OOOOOOOOOOOOOOOOOOOO           IIIIIIIIIIIIIIIIIIIIIIIII 
OOOOOOOOOOOOOOOOOOOO           IIIIIIIIIIIIIIIIIIIIIIIII 
OOOOOOOOOOOOOOOOOOOO           IIIIIIIIIIIIIIIIIIIIIIIII 
OOOOOOOOOOOOOOOOOOOO           IIIIIIIIIIIIIIIIIIIIIIIII 
OOOOOOOOOOOOOOOOOOOO           IIIIIIIIIIIIIIIIIIIIIIIII 
OOOOOOOOOOOO            SSSSSSSSSS        SSS            
OOOOOOOOOOOO          SSSSSSSSSSSSSSS     SSS            
OOOOOOOOOOO        SSSSSSSSSSSSSSSSSSS    SSS            
OOOOOOOOO   SSSSSSSSSSSSSSSSSSSSSSSSSSSSSSSSSSSSSSSSSSSS 
OOOOOOOO   SSSSSSSSSSSSSSSSSSSSSSSSSSSSSSSSSSSSSSSSSSSSS 
OOOOO      SSSSSSSSSSSSSSSSSSSSSSSSSSSSSSSSSSSSSSSSSSSSS 
OOOOO     SSSSSSSSSSSSSSSSSSSSSSSSSSSSSSSSSSSSSSSSSSSSSS 
OOOO     SSSSSSSSSSSSSSSSSSSSSSSSSSSSSSSSSSSSSSSSSSSSSSS 
OOOO     SSSSSSSSSSSSSSSSSSSSSSSSSSSSSSSSSSSSSSSSSSSSSSS 
OOO     SSSSSSSSSSSSSSSSSSSSSSSSSSSSSSSSSSSSSSSSSSSSSSSS 
        SSSSSSSSSSSSSSSSSSSSSSSSSSSSSSSSSSSSSSSSSSSSSSSS 
        SSSSSSSSSSSSSSSSSSSSSSSSSSSSSSSSSSSSSSSSSSSSSSSS 
        SSSSSSSSSSSSSSSSSSSSSSSSSSSSSSSSSSSSSSSSSSSSSSSS 
        SSSSSSSSSSSSSSSSSSSSSSSSSSSSSSSSSSSSSSSSSSSSSSSS 
         SSSSSSSSSSSSSSSSSSSSSSSSSSSSSSSSSSSSSSSSSSSSSSS 
         SSSSSSSSSSSSSSSSSSSSSSSSSSSSSSSSSSSSSSSSSSSSSSS 
         SSSSSSSSSSSSSSSSSSSSSSSSSSSSSSSSSSSSSSSSSSSSSSS 
          SSSSSSSSSSSSSSSSSSSSSSSSSSSSSSSSSSSSSSSSSSSSSS 
          SSSSSSSSSSSSSSSSSSSSSSSSSSSSSSSSSSSSSSSSSSSSSS 
            SSSSSSSSSSSSSSSSSSSSSSSSSSSSSSSSSSSSSSSSSSSS 
===END OF REALMS===
8,7    // Default Player Starting Position
R 8,10  // rat at 8,44
R 44,13  // rat at 8,44
S 28,23 // spider at 28,23
===END OF CHARACTERS===
===END OF ITEM TYPES===
↓ 25,23 crusty_dagger // a dagger
^ 27,7 very_old_leather_cap
! 27,7 warped_short_sword
¡ 52,32 yellow_potion
^ 28,7 baseball_cap
===END OF ITEMS===
≡ 7,7 "An unlocked chest made of wood" chest1
≡ 5,12 "An testing chest" test_chest
▲r 9,9 "An old Apple Tree" {
    property: fruit => 35
    property: logs => 1000
    property: age => 120     // in months
}
▲olive 9,10 "An Olive Tree" {
    property: fruit => 2
    property: logs => 2
    property: age => 36     // in months
}
▲pine 9,8 "A Pine Tree" {
    property: logs => 200
    property: age => 48     // in months
}
▲pine 7,8 "A Pine Tree" {
    property: logs => 200
    property: age => 48     // in months
}
▲oak 9,11 "A Young Oak Tree" {
    property: logs => 50
    property: age => 36     // in months
}
#press 11,11 "A Rickety Fruit Press" {
    property: item => 0
    property: output => 0
}
*lumbermill 12,11 "A Rickety Lumbermill"{
    property: chance_of_breakage => 1000
}
▼well 13, 11 "A dry well" {
    property: fluid => 0
    property: depth => 0
    property: chance_of_drying_up => 5000
    property: chance_of_hitting_water => 100
    property: chance_of_hitting_oil => 10000
    property: chance_of_hitting_bedrock => 50000
}
▼well 14, 11 "A water well" {
    property: fluid => 1
    property: depth => 100
    property: chance_of_drying_up => 5000
    property: chance_of_hitting_water => 100
    property: chance_of_hitting_oil => 10000
    property: chance_of_hitting_bedrock => 50000
}
▼well 15, 11 "A oil well" {
    property: fluid => 2
    property: depth => 256
    property: chance_of_drying_up => 5000
    property: chance_of_hitting_water => 100
    property: chance_of_hitting_oil => 10000
    property: chance_of_hitting_bedrock => 50000
}
#vein 11, 8 "A vein of dirt" {
    property: ore_type => 1
    property: chance_of_exhaustion => 10
    property: chance_of_gem => 10000
}
#vein 12, 8 "A vein of sand" {
    property: ore_type => 2
    property: chance_of_exhaustion => 10
    property: chance_of_gem => 10000
}
#vein 13, 8 "A vein of stone" {
    property: ore_type => 3
    property: chance_of_exhaustion => 5
    property: chance_of_gem => 10000
}
#vein 14, 8 "A vein of tin ore" {
    property: ore_type => 4
    property: chance_of_exhaustion => 2500
    property: chance_of_gem => 10000
}
#vein 15, 8 "A vein of copper ore" {
    property: ore_type => 5
    property: chance_of_exhaustion => 2000
    property: chance_of_gem => 10000
}
~fishing_spot 15, 1 "A quiet coastline" {
    property: body_of_water => 1
    property: net_1_product => 1
    property: net_2_product => 2
    property: net_2_chance => 50
    property: net_timer => 45
    property: rod_1_product => 3
    property: rod_timer => 60
    property: trap_1_product => 4
    property: trap_spawn => 5
    property: trap_timer => 30
    property: trap_cooldown => 180
}
~fishing_spot 16, 2 "A quiet coastline" {
    property: body_of_water => 1
    property: net_1_product => 1
    property: net_2_product => 5
    property: net_2_chance => 25
    property: net_timer => 45
    property: rod_1_product => 6
    property: rod_timer => 60
    property: trap_1_product => 8
    property: trap_spawn => 5
    property: trap_timer => 30
    property: trap_cooldown => 180
}
+smeltery 10,5 "An old smeltery"
^firepit 11,5 "A campfire"
%patch 1,1 "A patch of wild produce" {
    property: produce => 17
    property: quantity => 100
}
===END OF FACILITIES===
player 1 amber_leather_cap
player 4 hardwood_log
player 2 softwood_log
player 4 tin_ore
player bronze_shovel
test_chest shiny_dagger // a dagger
test_chest sharp_short_sword
test_chest pink_potion
chest1 very_old_leather_cap
chest1 reed_basket
chest1 baseball_cap
chest1 yellow_potion
chest1 reed_basket
chest1 worn_bronze_axe
chest1 bronze_pickaxe
chest1 simple_fishing_net
chest1 simple_fishing_rod
chest1 simple_fishing_trap
player 63 apple
player 16 apple
player 64 olive
player 64 glass_bottle
===END OF STORED ITEMS===