####################           #########################
#..................#           #.......................#
#..................#           #.......................#
#..................#           #.......................#
#..................#           #.......................#
#..................#           #.......................#
#..................#############.......................#
#................../.........../.......................#
#..................#############.......................#
#..................#           #.......................#
#..................#           #.......................#
#..................#           #.......................#
#..................#           #.......................#
#..................#           #.......................#
####################           ############/############
                                          #.#
                                          #.#
                                          #.#
            ###############################/############
            #..........................................#
            #..........................................#
            #..........................................#
            #..........................................#
            #..........................................#
            #..........................................#
            #..........................................#
            #..........................................#
            #..........................................#
            #..........................................#
            #..........................................#
            #..........................................#
            #..........................................#
            #..........................................#
            #..........................................#
            ############################################
===END OF MAP===
8,7    // Default Player Starting Position
R 8,10  // rat at 8,44
R 44,13  // rat at 8,44
S 28,23 // spider at 28,23
===END OF CHARACTERS===
↓ 25,23 "Crusty Dagger" // a dagger
^ 27,7 "Very Old Leather Cap"
! 27,7 "Warped Short Sword"
¡ 52,32 "Yellow Potion"
^ 28,7 "baseball cap"
===END OF ITEMS===
≡ 7,7 "An unlocked chest made of wood" chest1
▲r 9,9 "An old Apple Tree" 
===END OF FACILITIES===
^ player "Amber Leather Cap"
↓ chest1 "Shiny Dagger" // a dagger
! chest1 "Sharp Short Sword"
¡ chest1 "Pink Potion"
^ chest1 "Old Leather Cap"
===END OF STORED ITEMS===